s126_VROOT: 1
s126_n505BIN: 1
s126_n502BIN: 2
"126_502": 1
s126_n501BIN: 2
"126_4": 2
"126_505": 2
"126_6": 2
s126_n500BIN: 2
"126_7": 3
"126_8": 2
"126_509": 1
s126_n503BIN: 2
"126_10": 2
"126_511": 1
"126_513": 2
"126_15": 2
"126_516": 1
"126_17": 2
"126_518": 1
s126_n504BIN: 2
"126_19": 2
"126_20": 2
"126_521": 2
"126_22": 2
"126_523": 2
"126_24": 2
"126_25": 2
"126_26": 2
